== paper job exit 2026-10-05 09:18:54 ET
WARNING: Running pip as the 'root' user can result in broken permissions and conflicting behaviour with the system package manager. It is recommended to use a virtual environment instead: https://pip.pypa.io/warnings/venv
session: ('09:30', '16:00')
{
 "day": "2026-10-05",
 "orders": [
  {
   "symbol": "BXC",
   "qty": 13,
   "side": "sell",
   "type": "market",
   "time_in_force": "day"
  },
  {
   "symbol": "CCXI",
   "qty": 83,
   "side": "sell",
   "type": "market",
   "time_in_force": "day"
  },
  {
   "symbol": "ELMT",
   "qty": 45,
   "side": "sell",
   "type": "market",
   "time_in_force": "day"
  },
  {
   "symbol": "FIGR",
   "qty": 35,
   "side": "sell",
   "type": "market",
   "time_in_force": "day"
  },
  {
   "symbol": "GEN",
   "qty": 45,
   "side": "sell",
   "type": "market",
   "time_in_force": "day"
  },
  {
   "symbol": "KLRA",
   "qty": 97,
   "side": "sell",
   "type": "market",
   "time_in_force": "day"
  },
  {
   "symbol": "NG",
   "qty": 153,
   "side": "sell",
   "type": "market",
   "time_in_force": "day"
  },
  {
   "symbol": "PPTA",
   "qty": 49,
   "side": "sell",
   "type": "market",
   "time_in_force": "day"
  },
  {
   "symbol": "QMCO",
   "qty": 29,
   "side": "sell",
   "type": "market",
   "time_in_force": "day"
  },
  {
   "symbol": "WOLF",
   "qty": 28,
   "side": "sell",
   "type": "market",
   "time_in_force": "day"
  }
 ],
 "submitted": true
}
BXC 200 {"id":"79a737a5-2be2-4dcd-91f6-38328ddce030","client_order_id":"d829e077-9349-42aa-891c-b3e9e981fa1b","created_at":"2026-10-05T13:19:18.776634191Z","updated_at":"2026-10-05T13:19:18.777525929Z","submi
CCXI 200 {"id":"e1418162-faeb-4a4a-b7cc-ffcdb3a19355","client_order_id":"8d696fac-9a97-4e7a-bb0d-8ffeac1f4d90","created_at":"2026-10-05T13:19:19.203910011Z","updated_at":"2026-10-05T13:19:19.204642229Z","submi
ELMT 200 {"id":"852ab591-621c-4262-a43b-1467ed7b8469","client_order_id":"60c12f96-cfbf-4b48-8964-919e98341ad0","created_at":"2026-10-05T13:19:19.654616397Z","updated_at":"2026-10-05T13:19:19.655454394Z","submi
FIGR 200 {"id":"d576dd90-baea-4576-8074-558a31d767d3","client_order_id":"5bcb347c-ec44-48eb-b0bf-d0121dfafd01","created_at":"2026-10-05T13:19:20.115753308Z","updated_at":"2026-10-05T13:19:20.116537915Z","submi
GEN 200 {"id":"182bf5ee-acf4-4cf7-980c-9f22e326ac0e","client_order_id":"b6fe4fe3-9f31-4fea-9823-1806d5fbac69","created_at":"2026-10-05T13:19:20.562010841Z","updated_at":"2026-10-05T13:19:20.562718212Z","submi
KLRA 200 {"id":"486ffc18-4dd4-4440-89c0-9e6bff7abda9","client_order_id":"1b687d32-0985-4741-aeab-a352a9fd7512","created_at":"2026-10-05T13:19:21.041081884Z","updated_at":"2026-10-05T13:19:21.041887052Z","submi
NG 200 {"id":"607668da-4890-4b90-aede-dcebc0fb49b1","client_order_id":"a12e2416-f60d-4aca-9ed5-b57ec8e8d719","created_at":"2026-10-05T13:19:21.432697833Z","updated_at":"2026-10-05T13:19:21.433552866Z","submi
PPTA 200 {"id":"8765c4f6-1f06-47eb-a7d7-6b2bf9608830","client_order_id":"cdd90ac0-6a22-44d2-a114-263a91467f22","created_at":"2026-10-05T13:19:21.915304199Z","updated_at":"2026-10-05T13:19:21.916041846Z","submi
QMCO 200 {"id":"c7ae5b81-52bb-4c38-afc6-c26adcaa7ceb","client_order_id":"34c5f4b7-dbd2-4cda-b529-ee9420b47dfe","created_at":"2026-10-05T13:19:22.39845988Z","updated_at":"2026-10-05T13:19:22.399331327Z","submit
WOLF 200 {"id":"6fbee816-98ff-4486-9eb7-c6a407af0ffa","client_order_id":"9545f15a-7f2e-4cd2-808f-2f27a3c692b0","created_at":"2026-10-05T13:19:22.846694748Z","updated_at":"2026-10-05T13:19:22.847554588Z","submi
{
 "day": "2026-10-05",
 "from_entry": "entry_2026-10-02.json",
 "equity": 9929.84,
 "orders": [
  {
   "symbol": "FIGR",
   "qty": 8,
   "side": "sell",
   "type": "market",
   "time_in_force": "day"
  },
  {
   "symbol": "GEN",
   "qty": 11,
   "side": "sell",
   "type": "market",
   "time_in_force": "day"
  },
  {
   "symbol": "QMCO",
   "qty": 7,
   "side": "sell",
   "type": "market",
   "time_in_force": "day"
  },
  {
   "symbol": "BXC",
   "qty": 3,
   "side": "sell",
   "type": "market",
   "time_in_force": "day"
  },
  {
   "symbol": "WOLF",
   "qty": 7,
   "side": "sell",
   "type": "market",
   "time_in_force": "day"
  },
  {
   "symbol": "KLRA",
   "qty": 24,
   "side": "sell",
   "type": "market",
   "time_in_force": "day"
  },
  {
   "symbol": "PPTA",
   "qty": 12,
   "side": "sell",
   "type": "market",
   "time_in_force": "day"
  },
  {
   "symbol": "CCXI",
   "qty": 20,
   "side": "sell",
   "type": "market",
   "time_in_force": "day"
  },
  {
   "symbol": "NG",
   "qty": 38,
   "side": "sell",
   "type": "market",
   "time_in_force": "day"
  }
 ],
 "skipped": {
  "ELMT": "not easy to borrow"
 },
 "submitted": true,
 "at": "2026-10-05 09:35:40.821285-04:00"
}
FIGR 200 {"id":"40dc4189-d2f4-4d2f-9818-74c06ecd4811","client_order_id":"03eb15aa-3b0b-4ad2-8053-4f19ce87bc99","created_at":"2026-10-05T13:35:41.538470605Z","updated_at":"2026-10-05T13:35:41.539444296Z","submi
GEN 200 {"id":"6d52737f-e0ff-4230-9bd6-7f00e089d96c","client_order_id":"f3731db5-304a-471b-8740-81d92748a689","created_at":"2026-10-05T13:35:41.930744522Z","updated_at":"2026-10-05T13:35:41.950786195Z","submi
QMCO 200 {"id":"9343fda2-9284-421a-af44-9cb884863801","client_order_id":"6964237e-609d-4b40-a364-5ff737159b0e","created_at":"2026-10-05T13:35:42.38163864Z","updated_at":"2026-10-05T13:35:42.382917208Z","submit
BXC 200 {"id":"88069e09-51a0-490e-9d73-4b9812a78636","client_order_id":"a172c008-7ff1-4aa3-abd9-5d392bab60f7","created_at":"2026-10-05T13:35:42.780184925Z","updated_at":"2026-10-05T13:35:42.78606133Z","submit
WOLF 200 {"id":"c734b8fd-7e21-4061-a7e1-ef8e3e256bdd","client_order_id":"d482f1c2-b651-495a-a16a-9629631f1771","created_at":"2026-10-05T13:35:43.214095127Z","updated_at":"2026-10-05T13:35:43.22221725Z","submit
KLRA 200 {"id":"88a91ff3-dda9-48e8-b499-64cd8a6d9905","client_order_id":"d54b6f9a-78bc-49b1-a5ad-47958926615c","created_at":"2026-10-05T13:35:43.67383882Z","updated_at":"2026-10-05T13:35:43.674915054Z","submit
PPTA 200 {"id":"d7e6e3b5-c2b5-4b4e-86b0-7308de57d448","client_order_id":"324161c7-f46e-42e2-a658-8363f4d61dd1","created_at":"2026-10-05T13:35:44.106275571Z","updated_at":"2026-10-05T13:35:44.109676312Z","submi
CCXI 200 {"id":"13044a19-fb79-4cbe-957c-d1bf3dce5d05","client_order_id":"9156c456-82b3-463e-8ec2-ff8204169bd9","created_at":"2026-10-05T13:35:44.519874536Z","updated_at":"2026-10-05T13:35:44.521239573Z","submi
NG 200 {"id":"8dd3dae2-eb7e-4eed-8a1c-969597bccab6","client_order_id":"1d704cef-8a9f-4c4f-8145-ade38c594622","created_at":"2026-10-05T13:35:44.91545332Z","updated_at":"2026-10-05T13:35:44.923279329Z","submit
