== paper job entry 2026-10-02 15:06:03 ET
WARNING: Running pip as the 'root' user can result in broken permissions and conflicting behaviour with the system package manager. It is recommended to use a virtual environment instead: https://pip.pypa.io/warnings/venv
session: ('09:30', '16:00')
Fetching 270 files:   0%|          | 0/270 [00:00<?, ?it/s]Fetching 270 files:   3%|▎         | 8/270 [00:00<00:07, 33.59it/s]Fetching 270 files:   4%|▍         | 12/270 [00:00<00:08, 31.06it/s]Fetching 270 files:   7%|▋         | 18/270 [00:00<00:06, 39.69it/s]Fetching 270 files:  26%|██▌       | 69/270 [00:00<00:01, 183.81it/s]Fetching 270 files:  44%|████▎     | 118/270 [00:00<00:00, 276.88it/s]Fetching 270 files:  60%|█████▉    | 161/270 [00:00<00:00, 320.41it/s]Fetching 270 files:  77%|███████▋  | 208/270 [00:00<00:00, 363.72it/s]Fetching 270 files:  95%|█████████▍| 256/270 [00:00<00:00, 395.08it/s]Fetching 270 files: 100%|██████████| 270/270 [00:01<00:00, 248.82it/s]
pulled Incarnadin/nooptoo-market-data into /home/user/nooptoo/data/local
daily: last 2026-09-30, fetching from 2026-09-16 for 5549 tickers; 0 new tickers
  0
  150
  300
  450
  600
  750
  900
  1050
  1200
  1350
  1500
  1650
  1800
  1950
  2100
  2250
  2400
  2550
  2700
  2850
  3000
  3150
  3300
  3450
  3600
  3750
  3900
  4050
  4200
  4350
  4500
$SVA: possibly delisted; no price data found  (1d 2026-09-16 -> 2026-10-02)

1 Failed download:
['SVA']: possibly delisted; no price data found  (1d 2026-09-16 -> 2026-10-02)
  4650
  4800
  4950
  5100
  5250
  5400
tickers with changed history (splits): ['BGM', 'KUST', 'MYPS']
daily updated to 2026-10-01
earnings: fetched 30 days, 1275 rows
       day symbol side tif  qty  fill  official  slip_bps
2026-09-29    ADX  buy cls 30.0 25.75       NaN       NaN
2026-09-30    ADX sell opg 24.0 25.75     25.75      -0.0
mean slippage vs official print (bp, positive = worse): 0.0
      date   equity   pnl
2026-09-26 10000.00  0.00
2026-09-29 10000.00  0.00
2026-09-30  9998.79 -1.21
2026-10-01  9999.48  0.69
2026-10-02 10005.58  6.10
       day symbol  qty   close  next_open     ret   cost     pnl                                       model
2026-09-29   ECAT   71  13.970      14.00  0.0021 0.0009  1.2213                  ensemble5_night_2026Q3.txt
2026-09-29    ASC   54  18.440      18.69  0.0136 0.0009 12.5885                  ensemble5_night_2026Q3.txt
2026-09-29   STNG   12  83.570      85.72  0.0257 0.0009 24.9225                  ensemble5_night_2026Q3.txt
2026-09-29    NAT  126   7.980       8.09  0.0138 0.0009 12.9698                  ensemble5_night_2026Q3.txt
2026-09-29    HYT  128   7.810       7.84  0.0038 0.0009  2.9522                  ensemble5_night_2026Q3.txt
2026-09-29   HESM   26  37.630      37.91  0.0074 0.0008  6.4735                  ensemble5_night_2026Q3.txt
2026-09-29     TK   70  14.110      14.25  0.0099 0.0009  8.8644                  ensemble5_night_2026Q3.txt
2026-09-29    IDT   13  75.560      75.18 -0.0050 0.0010 -5.9037                  ensemble5_night_2026Q3.txt
2026-09-29    ADX   38  25.710      25.75  0.0016 0.0009  0.6100                  ensemble5_night_2026Q3.txt
2026-09-29    AES   67  14.860      14.87  0.0007 0.0008 -0.1537                  ensemble5_night_2026Q3.txt
2026-10-01   NKTR   21  46.990      47.11  0.0026 0.0009  1.6346 blend_ensemble5_night_2026Q4.txt_jump2026Q4
2026-10-01     SA   36  27.250      27.82  0.0209 0.0010 19.5382 blend_ensemble5_night_2026Q4.txt_jump2026Q4
2026-10-01   UMAC   46  21.780      22.23  0.0207 0.0009 19.8195 blend_ensemble5_night_2026Q4.txt_jump2026Q4
2026-10-01   SCTX   58  17.175      17.50  0.0189 0.0012 17.6623 blend_ensemble5_night_2026Q4.txt_jump2026Q4
2026-10-01    EQX   92  10.820      11.06  0.0222 0.0009 21.2315 blend_ensemble5_night_2026Q4.txt_jump2026Q4
2026-10-01   FRVO   70  14.460      14.53  0.0048 0.0008  4.0513 blend_ensemble5_night_2026Q4.txt_jump2026Q4
2026-10-01   TDAY  143   7.060       7.17  0.0156 0.0009 14.8197 blend_ensemble5_night_2026Q4.txt_jump2026Q4
2026-10-01   OCUL  136   7.290       7.40  0.0151 0.0009 14.0705 blend_ensemble5_night_2026Q4.txt_jump2026Q4
2026-10-01    ELE   54  18.370      18.81  0.0240 0.0010 22.7495 blend_ensemble5_night_2026Q4.txt_jump2026Q4
2026-10-01    JBL    3 299.790     303.70  0.0130 0.0009 10.9168 blend_ensemble5_night_2026Q4.txt_jump2026Q4
            names   gross    cost       pnl     net      equity
day                                                            
2026-09-29     10  0.0074  0.0009   64.5449  0.0065  10064.5449
2026-10-01     10  0.0158  0.0009  146.4939  0.0148  10211.0388
strategy    adr_loser  smallcap_nonews
day                                   
2026-09-29     0.0219          -0.0050
2026-10-01     0.0056           0.0066
mean net per night (bp): {'adr_loser': 137.2, 'smallcap_nonews': 8.3} nights: {'adr_loser': 2, 'smallcap_nonews': 2}
/usr/local/lib/python3.11/dist-packages/pandas/core/internals/blocks.py:347: RuntimeWarning: divide by zero encountered in log
  result = func(self.values, **kwargs)
panel ready 2026-10-01
entry at 15:46:16 ET, submit flag: '--submit'
/usr/local/lib/python3.11/dist-packages/pandas/core/internals/blocks.py:347: RuntimeWarning: divide by zero encountered in log
  result = func(self.values, **kwargs)
/usr/local/lib/python3.11/dist-packages/pandas/core/internals/blocks.py:347: RuntimeWarning: divide by zero encountered in log
  result = func(self.values, **kwargs)
{
 "day": "2026-10-02",
 "strategy": "blend",
 "model": "blend_ensemble5_night_2026Q4.txt_jump2026Q4",
 "ml_top": {
  "FIGR": 0.98748,
  "GEN": 0.98646,
  "QMCO": 0.98505,
  "ELMT": 0.98352,
  "BXC": 0.98173,
  "WOLF": 0.9816,
  "KLRA": 0.98084,
  "PPTA": 0.98045,
  "CCXI": 0.97892,
  "NG": 0.97764
 },
 "uncapped_top": {
  "FIGR": 0.98748,
  "GEN": 0.98646,
  "QMCO": 0.98505,
  "ELMT": 0.98352,
  "BXC": 0.98173,
  "WOLF": 0.9816,
  "KLRA": 0.98084,
  "PPTA": 0.98045,
  "CCXI": 0.97892,
  "NG": 0.97764
 },
 "equity": 10054.56,
 "orders": [
  {
   "symbol": "FIGR",
   "qty": 35,
   "side": "buy",
   "type": "market",
   "time_in_force": "cls"
  },
  {
   "symbol": "GEN",
   "qty": 45,
   "side": "buy",
   "type": "market",
   "time_in_force": "cls"
  },
  {
   "symbol": "QMCO",
   "qty": 29,
   "side": "buy",
   "type": "market",
   "time_in_force": "cls"
  },
  {
   "symbol": "ELMT",
   "qty": 45,
   "side": "buy",
   "type": "market",
   "time_in_force": "cls"
  },
  {
   "symbol": "BXC",
   "qty": 13,
   "side": "buy",
   "type": "market",
   "time_in_force": "cls"
  },
  {
   "symbol": "WOLF",
   "qty": 28,
   "side": "buy",
   "type": "market",
   "time_in_force": "cls"
  },
  {
   "symbol": "KLRA",
   "qty": 97,
   "side": "buy",
   "type": "market",
   "time_in_force": "cls"
  },
  {
   "symbol": "PPTA",
   "qty": 49,
   "side": "buy",
   "type": "market",
   "time_in_force": "cls"
  },
  {
   "symbol": "CCXI",
   "qty": 83,
   "side": "buy",
   "type": "market",
   "time_in_force": "cls"
  },
  {
   "symbol": "NG",
   "qty": 153,
   "side": "buy",
   "type": "market",
   "time_in_force": "cls"
  }
 ],
 "submitted": true,
 "notional": 9919.44
}
FIGR 200 {"id":"6f5a0417-720c-49e0-85c7-1f7f45233ac1","client_order_id":"f80b7586-5a89-4e7b-a12d-d1374f8301e1","created_at":"2026-10-02T19:55:09.367832043Z","updated_at":"2026-10-02T19:55:09.373098994Z","submi
GEN 200 {"id":"242858f0-048d-4c7a-b312-acd937ce7044","client_order_id":"e9bc77d2-b22d-4ec6-a284-daf9ce9a3374","created_at":"2026-10-02T19:55:09.729225869Z","updated_at":"2026-10-02T19:55:09.73029946Z","submit
QMCO 200 {"id":"644967e3-3849-44d8-a58a-c55e4cc58658","client_order_id":"781c9326-6c87-481a-8239-15aede646271","created_at":"2026-10-02T19:55:10.097788409Z","updated_at":"2026-10-02T19:55:10.098932786Z","submi
ELMT 200 {"id":"b71cd96a-9e61-44d9-94ca-60be7818a362","client_order_id":"f37930df-b1f8-4e9b-ae76-cb3c763cd56c","created_at":"2026-10-02T19:55:10.513761648Z","updated_at":"2026-10-02T19:55:10.514921598Z","submi
BXC 200 {"id":"5674763d-fb8c-4907-a64e-814684bed42f","client_order_id":"3017fa4e-b022-4873-ad32-9a1ee59c95cf","created_at":"2026-10-02T19:55:10.958835209Z","updated_at":"2026-10-02T19:55:10.960038364Z","submi
WOLF 200 {"id":"6fdace0a-8885-44fa-aa03-88f89ca04962","client_order_id":"6d68e436-7195-42d7-b329-477f7cf9f373","created_at":"2026-10-02T19:55:11.363048638Z","updated_at":"2026-10-02T19:55:11.36409638Z","submit
KLRA 200 {"id":"69b8c3ef-cc44-4e80-936d-e5b3f8e2563f","client_order_id":"4960a57e-4e6d-4d0b-ac67-96c58fe43538","created_at":"2026-10-02T19:55:11.837403744Z","updated_at":"2026-10-02T19:55:11.838524094Z","submi
PPTA 200 {"id":"4b6c1521-fc2b-421a-b7ef-f95889e36c4a","client_order_id":"0fa36a2e-fe19-4a9f-b134-fb1cbef64879","created_at":"2026-10-02T19:55:12.388006517Z","updated_at":"2026-10-02T19:55:12.389276081Z","submi
CCXI 200 {"id":"1f076e99-15cd-4ac2-a8a3-873e327cc3c8","client_order_id":"18653437-3be5-44c3-9413-48b01378e222","created_at":"2026-10-02T19:55:12.839992818Z","updated_at":"2026-10-02T19:55:12.843230975Z","submi
NG 200 {"id":"6e85025f-e397-4406-bc01-e077bb71166b","client_order_id":"b9f81846-4505-412d-b081-2a4170ca0d89","created_at":"2026-10-02T19:55:13.303531819Z","updated_at":"2026-10-02T19:55:13.304836606Z","submi
entry finished at 15:55:13 ET
/usr/local/lib/python3.11/dist-packages/pandas/core/internals/blocks.py:347: RuntimeWarning: divide by zero encountered in log
  result = func(self.values, **kwargs)
{
 "day": "2026-10-02",
 "recorded_at": "2026-10-02 15:56:15.144232-04:00",
 "news_window": [
  "2026-10-01 19:45:00+00:00",
  "2026-10-02 19:45:00+00:00"
 ],
 "n_news_symbols": 475,
 "smallcap_nonews": {
  "TNON": {
   "loss": 0.1667,
   "px": 3.75
  },
  "AVX": {
   "loss": 0.1215,
   "px": 6.29
  },
  "IMTX": {
   "loss": 0.1133,
   "px": 7.59
  },
  "VYGR": {
   "loss": 0.1011,
   "px": 2.445
  },
  "PRE": {
   "loss": 0.0966,
   "px": 20.01
  },
  "MF": {
   "loss": 0.0938,
   "px": 14.210000038146973
  },
  "EPRX": {
   "loss": 0.0931,
   "px": 7.255
  },
  "IHRT": {
   "loss": 0.0915,
   "px": 1.935
  },
  "UNCY": {
   "loss": 0.0898,
   "px": 4.205
  },
  "EVCM": {
   "loss": 0.0896,
   "px": 8.995
  }
 },
 "adr_loser": {
  "VNET": {
   "loss": 0.0775,
   "px": 5.12
  },
  "GDS": {
   "loss": 0.0667,
   "px": 27.43
  },
  "GPCR": {
   "loss": 0.0459,
   "px": 27.66
  },
  "LEGN": {
   "loss": 0.0421,
   "px": 18.535
  },
  "FUTU": {
   "loss": 0.0403,
   "px": 102.3
  }
 },
 "spy_meanrev": {
  "SPY": {
   "action": "flat",
   "px": 769.37,
   "down3": false,
   "above5": true
  },
  "QQQ": {
   "action": "flat",
   "px": 748.86,
   "down3": false,
   "above5": true
  }
 },
 "universe": {
  "smallcap": 738,
  "smallcap_priced": 738,
  "adr": 176
 }
}
