== paper job entry 2026-10-08 15:06:39 ET
WARNING: Running pip as the 'root' user can result in broken permissions and conflicting behaviour with the system package manager. It is recommended to use a virtual environment instead: https://pip.pypa.io/warnings/venv
session: ('09:30', '16:00')
Fetching 270 files:   0%|          | 0/270 [00:00<?, ?it/s]Fetching 270 files:   1%|          | 3/270 [00:00<00:11, 22.27it/s]Fetching 270 files:   3%|▎         | 7/270 [00:00<00:15, 16.47it/s]Fetching 270 files:   5%|▌         | 14/270 [00:00<00:08, 30.90it/s]Fetching 270 files:  18%|█▊        | 49/270 [00:00<00:01, 120.20it/s]Fetching 270 files:  37%|███▋      | 99/270 [00:00<00:00, 228.43it/s]Fetching 270 files:  57%|█████▋    | 155/270 [00:00<00:00, 322.97it/s]Fetching 270 files:  75%|███████▍  | 202/270 [00:00<00:00, 362.89it/s]Fetching 270 files:  90%|█████████ | 244/270 [00:01<00:00, 377.48it/s]Fetching 270 files: 100%|██████████| 270/270 [00:01<00:00, 253.13it/s]
pulled Incarnadin/nooptoo-market-data into /home/user/nooptoo/data/local
daily: last 2026-10-06, fetching from 2026-09-22 for 5549 tickers; 0 new tickers
Crumb fetch rate-limited (HTTP 429), continuing without crumb
  0
  150
  300
  450
  600
  750
  900
  1050
  1200
  1350
  1500
  1650
  1800
  1950
  2100
  2250
  2400
  2550
  2700
  2850
  3000
  3150
  3300
  3450
  3600
  3750
  3900
  4050
  4200
  4350
  4500
  4650
  4800
  4950
  5100
  5250
  5400
tickers with changed history (splits): ['CTVA', 'GLE']
daily updated to 2026-10-07
earnings: fetched 30 days, 2982 rows
       day symbol side tif  qty  fill  official  slip_bps
2026-09-29    ADX  buy cls 30.0 25.75       NaN       NaN
2026-09-30    ADX sell opg 24.0 25.75     25.75      -0.0
mean slippage vs official print (bp, positive = worse): 0.0
      date   equity     pnl
2026-10-02 10005.58    6.10
2026-10-03 10055.05   49.47
2026-10-06  9904.79 -150.26
2026-10-07 10029.55  124.76
2026-10-08  9791.70 -237.85
       day symbol  qty   close  next_open     ret   cost      pnl                                       model
2026-09-29   ECAT   71  13.970      14.00  0.0021 0.0009   1.2213                  ensemble5_night_2026Q3.txt
2026-09-29    ASC   54  18.440      18.69  0.0136 0.0009  12.5885                  ensemble5_night_2026Q3.txt
2026-09-29   STNG   12  83.570      85.72  0.0257 0.0009  24.9225                  ensemble5_night_2026Q3.txt
2026-09-29    NAT  126   7.980       8.09  0.0138 0.0009  12.9698                  ensemble5_night_2026Q3.txt
2026-09-29    HYT  128   7.810       7.84  0.0038 0.0009   2.9522                  ensemble5_night_2026Q3.txt
2026-09-29   HESM   26  37.630      37.91  0.0074 0.0008   6.4735                  ensemble5_night_2026Q3.txt
2026-09-29     TK   70  14.110      14.25  0.0099 0.0009   8.8644                  ensemble5_night_2026Q3.txt
2026-09-29    IDT   13  75.560      75.18 -0.0050 0.0010  -5.9037                  ensemble5_night_2026Q3.txt
2026-09-29    ADX   38  25.710      25.75  0.0016 0.0009   0.6100                  ensemble5_night_2026Q3.txt
2026-09-29    AES   67  14.860      14.87  0.0007 0.0008  -0.1537                  ensemble5_night_2026Q3.txt
2026-10-01   NKTR   21  46.990      47.11  0.0026 0.0009   1.6346 blend_ensemble5_night_2026Q4.txt_jump2026Q4
2026-10-01     SA   36  27.250      27.82  0.0209 0.0010  19.5382 blend_ensemble5_night_2026Q4.txt_jump2026Q4
2026-10-01   UMAC   46  21.780      22.23  0.0207 0.0009  19.8195 blend_ensemble5_night_2026Q4.txt_jump2026Q4
2026-10-01   SCTX   58  17.175      17.50  0.0189 0.0012  17.6623 blend_ensemble5_night_2026Q4.txt_jump2026Q4
2026-10-01    EQX   92  10.820      11.06  0.0222 0.0009  21.2315 blend_ensemble5_night_2026Q4.txt_jump2026Q4
2026-10-01   FRVO   70  14.460      14.53  0.0048 0.0008   4.0513 blend_ensemble5_night_2026Q4.txt_jump2026Q4
2026-10-01   TDAY  143   7.060       7.17  0.0156 0.0009  14.8197 blend_ensemble5_night_2026Q4.txt_jump2026Q4
2026-10-01   OCUL  136   7.290       7.40  0.0151 0.0009  14.0705 blend_ensemble5_night_2026Q4.txt_jump2026Q4
2026-10-01    ELE   54  18.370      18.81  0.0240 0.0010  22.7495 blend_ensemble5_night_2026Q4.txt_jump2026Q4
2026-10-01    JBL    3 299.790     303.70  0.0130 0.0009  10.9168 blend_ensemble5_night_2026Q4.txt_jump2026Q4
2026-10-02   FIGR   35  28.530      28.45 -0.0028 0.0008  -3.6381 blend_ensemble5_night_2026Q4.txt_jump2026Q4
2026-10-02    GEN   45  21.990      21.99  0.0000 0.0008  -0.8065 blend_ensemble5_night_2026Q4.txt_jump2026Q4
2026-10-02   QMCO   29  34.500      34.50  0.0000 0.0010  -0.9547 blend_ensemble5_night_2026Q4.txt_jump2026Q4
2026-10-02   ELMT   45  22.130      22.13  0.0000 0.0011  -1.1451 blend_ensemble5_night_2026Q4.txt_jump2026Q4
2026-10-02    BXC   13  73.640      72.62 -0.0139 0.0012 -14.4219 blend_ensemble5_night_2026Q4.txt_jump2026Q4
2026-10-02   WOLF   28  35.280      34.04 -0.0351 0.0009 -35.6262 blend_ensemble5_night_2026Q4.txt_jump2026Q4
2026-10-02   KLRA   97  10.390      10.48  0.0087 0.0009   7.7804 blend_ensemble5_night_2026Q4.txt_jump2026Q4
2026-10-02   PPTA   49  20.380      20.38  0.0000 0.0009  -0.9229 blend_ensemble5_night_2026Q4.txt_jump2026Q4
2026-10-02   CCXI   83  11.990      12.08  0.0075 0.0009   6.6026 blend_ensemble5_night_2026Q4.txt_jump2026Q4
2026-10-02     NG  153   6.550       6.59  0.0061 0.0009   5.2054 blend_ensemble5_night_2026Q4.txt_jump2026Q4
2026-10-05   ALVO  162   6.110       6.07 -0.0065 0.0010  -7.4399 blend_ensemble5_night_2026Q4.txt_jump2026Q4
2026-10-05   BRUN   68  14.330      15.53  0.0837 0.0009  80.6913 blend_ensemble5_night_2026Q4.txt_jump2026Q4
2026-10-05   BETA   48  20.700      20.87  0.0082 0.0009   7.2936 blend_ensemble5_night_2026Q4.txt_jump2026Q4
2026-10-05    DFH  101   9.890      10.00  0.0111 0.0009  10.1813 blend_ensemble5_night_2026Q4.txt_jump2026Q4
2026-10-05   ACMR   13  76.170      77.04  0.0114 0.0009  10.3716 blend_ensemble5_night_2026Q4.txt_jump2026Q4
2026-10-05    RDW   96  10.430      10.55  0.0115 0.0009  10.6630 blend_ensemble5_night_2026Q4.txt_jump2026Q4
2026-10-05   FRVO   73  13.460      13.60  0.0104 0.0008   9.3989 blend_ensemble5_night_2026Q4.txt_jump2026Q4
2026-10-05   DKNG   50  19.600      19.55 -0.0026 0.0008  -3.2948 blend_ensemble5_night_2026Q4.txt_jump2026Q4
2026-10-05   AADX   85  11.510      11.55  0.0035 0.0009   2.5310 blend_ensemble5_night_2026Q4.txt_jump2026Q4
2026-10-05   SPHR    8 110.800     110.31 -0.0044 0.0009  -4.7292 blend_ensemble5_night_2026Q4.txt_jump2026Q4
2026-10-06   APMD   53  18.650      18.66  0.0005 0.0011  -0.5294 blend_ensemble5_night_2026Q4.txt_jump2026Q4
2026-10-06   MRVL    3 287.010     280.91 -0.0213 0.0008 -18.9832 blend_ensemble5_night_2026Q4.txt_jump2026Q4
2026-10-06    STX    1 805.630     784.49 -0.0262 0.0008 -21.8110 blend_ensemble5_night_2026Q4.txt_jump2026Q4
2026-10-06    HUT   10  92.220      89.20 -0.0327 0.0008 -30.9835 blend_ensemble5_night_2026Q4.txt_jump2026Q4
2026-10-06    WDC    2 411.040     401.08 -0.0242 0.0008 -20.5881 blend_ensemble5_night_2026Q4.txt_jump2026Q4
2026-10-06   SYRE   12  80.110      78.91 -0.0150 0.0009 -15.2383 blend_ensemble5_night_2026Q4.txt_jump2026Q4
2026-10-06   EROC   73  13.710      13.27 -0.0321 0.0009 -33.0298 blend_ensemble5_night_2026Q4.txt_jump2026Q4
2026-10-06   BRUN   65  15.170      14.70 -0.0310 0.0009 -31.4738 blend_ensemble5_night_2026Q4.txt_jump2026Q4
2026-10-06   AMKR   18  53.390      51.90 -0.0279 0.0008 -27.6347 blend_ensemble5_night_2026Q4.txt_jump2026Q4
2026-10-06   CAMT    6 154.550     150.29 -0.0276 0.0011 -26.5457 blend_ensemble5_night_2026Q4.txt_jump2026Q4
2026-10-07   SITM    1 665.160     652.66 -0.0188 0.0010 -13.1828 blend_ensemble5_night_2026Q4.txt_jump2026Q4
2026-10-07    MXL    9 107.360     103.18 -0.0389 0.0009 -38.4907 blend_ensemble5_night_2026Q4.txt_jump2026Q4
2026-10-07    CYD   34  28.180      28.50  0.0114 0.0012   9.7339 blend_ensemble5_night_2026Q4.txt_jump2026Q4
2026-10-07   TSEM    3 248.250     240.91 -0.0296 0.0009 -22.6876 blend_ensemble5_night_2026Q4.txt_jump2026Q4
2026-10-07   BRUN   70  13.750      13.99  0.0175 0.0009  15.9065 blend_ensemble5_night_2026Q4.txt_jump2026Q4
2026-10-07   ABSI  107   9.220       9.04 -0.0195 0.0009 -20.1297 blend_ensemble5_night_2026Q4.txt_jump2026Q4
2026-10-07   ACMR   13  72.770      70.78 -0.0273 0.0009 -26.7503 blend_ensemble5_night_2026Q4.txt_jump2026Q4
2026-10-07   COHR    2 334.560     319.99 -0.0435 0.0008 -29.6976 blend_ensemble5_night_2026Q4.txt_jump2026Q4
2026-10-07   TTMI    7 128.200     126.23 -0.0154 0.0009 -14.5784 blend_ensemble5_night_2026Q4.txt_jump2026Q4
2026-10-07    MEI   65  15.110      14.79 -0.0212 0.0011 -21.8318 blend_ensemble5_night_2026Q4.txt_jump2026Q4
            names   gross    cost       pnl     net      equity
day                                                            
2026-09-29     10  0.0074  0.0009   64.5449  0.0065  10064.5449
2026-10-01     10  0.0158  0.0009  146.4939  0.0148  10211.0388
2026-10-02     10 -0.0030  0.0010  -37.9270 -0.0039  10173.1118
2026-10-05     10  0.0126  0.0009  115.6669  0.0117  10288.7787
2026-10-06     10 -0.0237  0.0009 -226.8174 -0.0246  10061.9612
2026-10-07     10 -0.0185  0.0010 -161.7086 -0.0195   9900.2526
strategy    adr_loser  day_short  smallcap_nonews
day                                              
2026-09-29     0.0219        NaN          -0.0050
2026-10-01     0.0056        NaN           0.0066
2026-10-02     0.0125        NaN           0.0033
2026-10-05     0.0120     0.0030          -0.0026
2026-10-06    -0.0102     0.0021          -0.0049
2026-10-07    -0.0139     0.0474          -0.0040
mean net per night (bp): {'adr_loser': 46.4, 'day_short': 174.9, 'smallcap_nonews': -10.9} nights: {'adr_loser': 6, 'day_short': 3, 'smallcap_nonews': 6}
/usr/local/lib/python3.11/dist-packages/pandas/core/internals/blocks.py:347: RuntimeWarning: divide by zero encountered in log
  result = func(self.values, **kwargs)
panel ready 2026-10-07
entry at 15:46:19 ET, submit flag: '--submit'
/usr/local/lib/python3.11/dist-packages/pandas/core/internals/blocks.py:347: RuntimeWarning: divide by zero encountered in log
  result = func(self.values, **kwargs)
/usr/local/lib/python3.11/dist-packages/pandas/core/internals/blocks.py:347: RuntimeWarning: divide by zero encountered in log
  result = func(self.values, **kwargs)
{
 "day": "2026-10-08",
 "strategy": "blend",
 "model": "blend_ensemble5_night_2026Q4.txt_jump2026Q4",
 "ml_top": {
  "AAOI": 1.0,
  "MXL": 0.99846,
  "BRUN": 0.99807,
  "OBX": 0.99653,
  "AXTI": 0.99588,
  "COHR": 0.99447,
  "SHAZ": 0.99254,
  "TTMI": 0.99177,
  "WDC": 0.99048,
  "CECO": 0.98778
 },
 "uncapped_top": {
  "AAOI": 1.0,
  "MXL": 0.99846,
  "BRUN": 0.99807,
  "OBX": 0.99653,
  "AXTI": 0.99588,
  "COHR": 0.99447,
  "SHAZ": 0.99254,
  "TTMI": 0.99177,
  "WDC": 0.99048,
  "SITM": 0.98881
 },
 "equity": 9606.7,
 "orders": [
  {
   "symbol": "AAOI",
   "qty": 9,
   "side": "buy",
   "type": "market",
   "time_in_force": "cls"
  },
  {
   "symbol": "MXL",
   "qty": 10,
   "side": "buy",
   "type": "market",
   "time_in_force": "cls"
  },
  {
   "symbol": "BRUN",
   "qty": 79,
   "side": "buy",
   "type": "market",
   "time_in_force": "cls"
  },
  {
   "symbol": "OBX",
   "qty": 79,
   "side": "buy",
   "type": "market",
   "time_in_force": "cls"
  },
  {
   "symbol": "AXTI",
   "qty": 13,
   "side": "buy",
   "type": "market",
   "time_in_force": "cls"
  },
  {
   "symbol": "COHR",
   "qty": 3,
   "side": "buy",
   "type": "market",
   "time_in_force": "cls"
  },
  {
   "symbol": "SHAZ",
   "qty": 24,
   "side": "buy",
   "type": "market",
   "time_in_force": "cls"
  },
  {
   "symbol": "TTMI",
   "qty": 8,
   "side": "buy",
   "type": "market",
   "time_in_force": "cls"
  },
  {
   "symbol": "WDC",
   "qty": 2,
   "side": "buy",
   "type": "market",
   "time_in_force": "cls"
  },
  {
   "symbol": "CECO",
   "qty": 14,
   "side": "buy",
   "type": "market",
   "time_in_force": "cls"
  }
 ],
 "submitted": true,
 "notional": 9181.72
}
cover ABSI 200 {"id":"2064e16d-8f2b-47dc-9157-cbfe1ab89979","client_order_id":"dae20aa6-06fe-4838-ba53-a738046b4355","created_at":"2026
cover ACMR 200 {"id":"f4421227-8799-4f38-8814-19e80c445dc0","client_order_id":"7ca1016f-ad4f-4f82-8603-3ca098317f81","created_at":"2026
cover BRUN 200 {"id":"db226d43-16fa-4c0b-9ce1-3d6c2dd681bb","client_order_id":"924def5f-4c14-4b01-84b7-e5fdde875216","created_at":"2026
cover CYD 200 {"id":"60f6bb84-7dcf-421c-b282-06c03bb39dac","client_order_id":"670facf2-4da2-49a8-aa50-6a462cbfdf59","created_at":"2026
cover MEI 200 {"id":"4b00b6bf-d4fe-4770-a174-bcc694e0f758","client_order_id":"0380d4fe-4362-4cca-a94a-02824fc03cc9","created_at":"2026
cover MXL 200 {"id":"d2095b47-b698-4968-ad94-d334861422d8","client_order_id":"c515fe06-658c-43c1-bbdf-2befc99605a2","created_at":"2026
cover TTMI 200 {"id":"90efcff4-c592-4682-93db-206bc2068fd6","client_order_id":"09fb1bb1-2264-4eba-8a89-19c17c98d0b7","created_at":"2026
covered 7 day shorts
AAOI 200 {"id":"49cf26d9-ee37-459a-b6fb-78a717aea4c7","client_order_id":"615a6661-cf39-480f-bae2-ced515af6eff","created_at":"2026-10-08T19:55:27.329598803Z","updated_at":"2026-10-08T19:55:27.33047678Z","submit
MXL 200 {"id":"6349a1b4-4cb7-45b0-bb1a-aaebf2167278","client_order_id":"b98e30f8-4965-42e3-8f8b-bfe05d5ffe36","created_at":"2026-10-08T19:55:27.8034982Z","updated_at":"2026-10-08T19:55:27.804564941Z","submitt
BRUN 200 {"id":"93857d5b-ef2a-4331-bfe5-15a0230f1a1f","client_order_id":"3f36528b-4c16-45ca-8f45-fd67223452ce","created_at":"2026-10-08T19:55:28.28600599Z","updated_at":"2026-10-08T19:55:28.287161153Z","submit
OBX 200 {"id":"20b49286-ce20-47dc-a1b1-6fa83fa5bcc3","client_order_id":"ddbee495-31e3-4c51-9a43-e4f44a171331","created_at":"2026-10-08T19:55:28.769964496Z","updated_at":"2026-10-08T19:55:28.771729985Z","submi
AXTI 200 {"id":"c93fc361-6b9c-48a5-8fd6-b5e92bc4a54f","client_order_id":"0a59cdb5-c5d1-48f1-a87c-63c82c0da613","created_at":"2026-10-08T19:55:29.23283489Z","updated_at":"2026-10-08T19:55:29.234514129Z","submit
COHR 200 {"id":"df08e596-410a-4767-834f-e6b37651bab0","client_order_id":"55b0d053-8ea0-45ab-8223-274c7dc51f1d","created_at":"2026-10-08T19:55:29.644752894Z","updated_at":"2026-10-08T19:55:29.646347406Z","submi
SHAZ 200 {"id":"c414b902-8849-4580-8c8c-800287b817dd","client_order_id":"945ae717-12ab-4427-9c93-63b86af08e35","created_at":"2026-10-08T19:55:29.914093419Z","updated_at":"2026-10-08T19:55:29.915508492Z","submi
TTMI 200 {"id":"384af1c6-7dfc-4eab-9eb8-c892be416316","client_order_id":"6f56264e-9018-4b6e-9688-0144d4e0ff79","created_at":"2026-10-08T19:55:30.333950562Z","updated_at":"2026-10-08T19:55:30.347358044Z","submi
WDC 200 {"id":"d48b6e50-0731-4a6f-a8d7-e3748d7d7a28","client_order_id":"07f134fe-2550-475e-9f4e-26ae3f21643d","created_at":"2026-10-08T19:55:30.763656188Z","updated_at":"2026-10-08T19:55:30.765560485Z","submi
CECO 200 {"id":"1624feef-a3f3-4179-8bb3-b0b8f5e757e5","client_order_id":"654400e0-cde7-452f-ab85-9ce006afcaac","created_at":"2026-10-08T19:55:31.178301483Z","updated_at":"2026-10-08T19:55:31.179855384Z","submi
entry finished at 15:55:31 ET
/usr/local/lib/python3.11/dist-packages/pandas/core/internals/blocks.py:347: RuntimeWarning: divide by zero encountered in log
  result = func(self.values, **kwargs)
{
 "day": "2026-10-08",
 "recorded_at": "2026-10-08 15:56:37.804885-04:00",
 "news_window": [
  "2026-10-07 19:45:00+00:00",
  "2026-10-08 19:45:00+00:00"
 ],
 "n_news_symbols": 655,
 "smallcap_nonews": {
  "SDEV": {
   "loss": 0.1943,
   "px": 1.99
  },
  "AVX": {
   "loss": 0.1578,
   "px": 5.070000171661377
  },
  "NFE": {
   "loss": 0.142,
   "px": 4.29
  },
  "VNCE": {
   "loss": 0.1135,
   "px": 11.365
  },
  "LZM": {
   "loss": 0.097,
   "px": 3.305
  },
  "SHMD": {
   "loss": 0.0914,
   "px": 3.925
  },
  "FISN": {
   "loss": 0.0772,
   "px": 4.66
  },
  "GSIT": {
   "loss": 0.0724,
   "px": 4.935
  },
  "ELVA": {
   "loss": 0.0721,
   "px": 5.79
  },
  "DUOT": {
   "loss": 0.0673,
   "px": 7.825
  }
 },
 "adr_loser": {
  "SIMO": {
   "loss": 0.0649,
   "px": 260.98
  },
  "WRD": {
   "loss": 0.0453,
   "px": 4.535
  },
  "ARM": {
   "loss": 0.04,
   "px": 275.25
  },
  "STM": {
   "loss": 0.0382,
   "px": 52.555
  },
  "KC": {
   "loss": 0.0364,
   "px": 8.74
  }
 },
 "spy_meanrev": {
  "SPY": {
   "action": "flat",
   "px": 773.56,
   "down3": false,
   "above5": false
  },
  "QQQ": {
   "action": "flat",
   "px": 747.17,
   "down3": false,
   "above5": false
  }
 },
 "day_short": {
  "AAOI": {
   "etb": true,
   "shortable": true
  },
  "MXL": {
   "etb": true,
   "shortable": true
  },
  "BRUN": {
   "etb": true,
   "shortable": true
  },
  "OBX": {
   "etb": false,
   "shortable": false
  },
  "AXTI": {
   "etb": true,
   "shortable": true
  },
  "COHR": {
   "etb": true,
   "shortable": true
  },
  "SHAZ": {
   "etb": true,
   "shortable": true
  },
  "TTMI": {
   "etb": true,
   "shortable": true
  },
  "WDC": {
   "etb": true,
   "shortable": true
  },
  "CECO": {
   "etb": true,
   "shortable": true
  }
 },
 "universe": {
  "smallcap": 746,
  "smallcap_priced": 745,
  "adr": 176
 }
}
remote: This repository moved. Please use the new location:        
remote:   https://github.com/KTKate/nooptoo.git        
